AutoDock Vina v1.2.7
#################################################################
# If you used AutoDock Vina in your work, please cite:          #
#                                                               #
# J. Eberhardt, D. Santos-Martins, A. F. Tillack, and S. Forli  #
# AutoDock Vina 1.2.0: New Docking Methods, Expanded Force      #
# Field, and Python Bindings, J. Chem. Inf. Model. (2021)       #
# DOI 10.1021/acs.jcim.1c00203                                  #
#                                                               #
# O. Trott, A. J. Olson,                                        #
# AutoDock Vina: improving the speed and accuracy of docking    #
# with a new scoring function, efficient optimization and       #
# multithreading, J. Comp. Chem. (2010)                         #
# DOI 10.1002/jcc.21334                                         #
#                                                               #
# Please see https://github.com/ccsb-scripps/AutoDock-Vina for  #
# more information.                                             #
#################################################################

Scoring function : vina
Rigid receptor: ../inputs/receptor.pdbqt
Ligand: ../inputs/benzo_a_pyrene.pdbqt
Grid center: X 70.83 Y 71.96 Z 59.18
Grid size  : X 21.3 Y 19.6 Z 27.3
Grid space : 0.375
Exhaustiveness: 16
CPU: 0
Verbosity: 1

Computing Vina grid ... done.
Performing docking (random seed: 42) ... 
0%   10   20   30   40   50   60   70   80   90   100%
|----|----|----|----|----|----|----|----|----|----|
***************************************************

mode |   affinity | dist from best mode
     | (kcal/mol) | rmsd l.b.| rmsd u.b.
-----+------------+----------+----------
   1        -9.52          0          0
   2       -9.173     0.6698      2.928
   3       -8.723     0.9354      6.137
   4       -8.575     0.9011      5.494
   5       -8.234      1.056      1.638
   6       -7.811      2.101       4.93
   7        -7.66       1.25      6.575
   8       -7.546      2.018      4.554
