AutoDock Vina v1.2.7
#################################################################
# If you used AutoDock Vina in your work, please cite:          #
#                                                               #
# J. Eberhardt, D. Santos-Martins, A. F. Tillack, and S. Forli  #
# AutoDock Vina 1.2.0: New Docking Methods, Expanded Force      #
# Field, and Python Bindings, J. Chem. Inf. Model. (2021)       #
# DOI 10.1021/acs.jcim.1c00203                                  #
#                                                               #
# O. Trott, A. J. Olson,                                        #
# AutoDock Vina: improving the speed and accuracy of docking    #
# with a new scoring function, efficient optimization and       #
# multithreading, J. Comp. Chem. (2010)                         #
# DOI 10.1002/jcc.21334                                         #
#                                                               #
# Please see https://github.com/ccsb-scripps/AutoDock-Vina for  #
# more information.                                             #
#################################################################

Scoring function : vina
Rigid receptor: blind_docking/receptor.pdbqt
Ligand: blind_docking/pyrene.pdbqt
Grid center: X 64.715 Y 63.4485 Z 61.5305
Grid size  : X 65.918 Y 62.363 Z 56.833
Grid space : 0.375
Exhaustiveness: 32
CPU: 0
Verbosity: 1

WARNING: Search space volume is greater than 27000 Angstrom^3 (See FAQ)
Computing Vina grid ... done.
Performing docking (random seed: 1752147762) ... 
0%   10   20   30   40   50   60   70   80   90   100%
|----|----|----|----|----|----|----|----|----|----|
***************************************************

mode |   affinity | dist from best mode
     | (kcal/mol) | rmsd l.b.| rmsd u.b.
-----+------------+----------+----------
   1        -7.98          0          0
   2       -7.809     0.5662      5.056
   3       -7.779     0.5854      4.117
   4       -7.442     0.7451      1.115
   5       -7.346      1.038      3.878
   6       -7.307      1.046      3.702
   7       -7.228     0.7471      5.074
   8       -6.737       1.05      3.807
   9       -6.719     0.9835      3.344
  10       -6.653      1.007      4.237
  11       -6.519      14.12      15.38
  12       -6.431      14.11       15.9
  13       -6.336      15.75      16.72
  14       -6.307      14.61      16.02
  15       -6.293      14.68      15.91
  16       -6.253      2.089      5.682
  17       -6.243      2.096      3.566
  18       -6.235      1.176      5.131
  19       -6.165      15.88      16.12
  20           -6      2.023      3.579
